Expected Output:
Goodbye world!
Expected Return Code: 0
