Expected Output:
Hello world!
Expected Return Code: 0
